// Jest Snapshot v1, https://goo.gl/fbAQLP

exports[`Test composant <App /> les snapshot 1`] = `
<DocumentFragment>
  <div
    class="App"
  >
    <header
      class="App-header"
    >
      <div
        class="MuiPaper-root MuiPaper-elevation1 MuiCard-root MuiPaper-rounded"
      >
        <div
          class="MuiCardContent-root"
        >
          <h2>
            Convertisseur de devises
          </h2>
          <div>
            <div
              class="MuiCircularProgress-root MuiCircularProgress-colorPrimary MuiCircularProgress-indeterminate"
              role="progressbar"
              style="width: 40px; height: 40px;"
            >
              <svg
                class="MuiCircularProgress-svg"
                viewBox="22 22 44 44"
              >
                <circle
                  class="MuiCircularProgress-circle MuiCircularProgress-circleIndeterminate"
                  cx="44"
                  cy="44"
                  fill="none"
                  r="20.2"
                  stroke-width="3.6"
                />
              </svg>
            </div>
            <br />
            Chargement des taux de change
          </div>
        </div>
      </div>
    </header>
  </div>
</DocumentFragment>
`;
